2026-05-08 00:17:45,364 - === Запуск эксперимента: Non_Saturating_BCE ===
2026-05-08 00:19:36,014 - === Запуск эксперимента: Non_Saturating_BCE ===
2026-05-08 00:22:42,864 - === Запуск эксперимента: Non_Saturating_BCE ===
2026-05-08 00:26:12,500 - === Запуск эксперимента: Non_Saturating_BCE ===
2026-05-08 00:27:25,147 - Epoch 1/10 [72.5s] - Train Loss: 2.9975, Acc: 0.2515, BG: 0.0388 | Val Loss: 2.4171, Acc: 0.4133
2026-05-08 00:28:38,691 - Epoch 2/10 [73.0s] - Train Loss: 2.1003, Acc: 0.4993, BG: 0.0283 | Val Loss: 1.8783, Acc: 0.5728
2026-05-08 00:29:52,136 - Epoch 3/10 [73.0s] - Train Loss: 1.7951, Acc: 0.6066, BG: 0.0205 | Val Loss: 1.7454, Acc: 0.6377
2026-05-08 00:31:05,272 - Epoch 4/10 [72.6s] - Train Loss: 1.7008, Acc: 0.6535, BG: 0.0149 | Val Loss: 1.6573, Acc: 0.6676
2026-05-08 00:32:19,007 - Epoch 5/10 [73.2s] - Train Loss: 1.5603, Acc: 0.6856, BG: 0.0141 | Val Loss: 1.4925, Acc: 0.6937
2026-05-08 00:33:32,536 - Epoch 6/10 [72.9s] - Train Loss: 1.4014, Acc: 0.7099, BG: 0.0129 | Val Loss: 1.3549, Acc: 0.7215
2026-05-08 00:34:45,564 - Epoch 7/10 [72.5s] - Train Loss: 1.2758, Acc: 0.7281, BG: 0.0125 | Val Loss: 1.1996, Acc: 0.7425
2026-05-08 00:35:58,710 - Epoch 8/10 [72.6s] - Train Loss: 1.1554, Acc: 0.7487, BG: 0.0127 | Val Loss: 1.1021, Acc: 0.7569
2026-05-08 00:37:12,200 - Epoch 9/10 [73.0s] - Train Loss: 1.0623, Acc: 0.7613, BG: 0.0113 | Val Loss: 1.0138, Acc: 0.7686
2026-05-08 00:38:25,708 - Epoch 10/10 [72.9s] - Train Loss: 0.9770, Acc: 0.7753, BG: 0.0103 | Val Loss: 0.9492, Acc: 0.7728
2026-05-08 00:38:54,946 - === Запуск эксперимента: Least_Squares_MSE ===
2026-05-08 00:40:06,722 - Epoch 1/10 [71.8s] - Train Loss: 2.9364, Acc: 0.2479, BG: 0.0049 | Val Loss: 2.2490, Acc: 0.4273
2026-05-08 00:41:18,890 - Epoch 2/10 [71.7s] - Train Loss: 1.7896, Acc: 0.5623, BG: 0.0000 | Val Loss: 1.4432, Acc: 0.6530
2026-05-08 00:42:31,080 - Epoch 3/10 [71.6s] - Train Loss: 1.2587, Acc: 0.6945, BG: 0.0001 | Val Loss: 1.0996, Acc: 0.7256
2026-05-08 00:43:42,411 - Epoch 4/10 [70.8s] - Train Loss: 1.0126, Acc: 0.7476, BG: 0.0002 | Val Loss: 0.9316, Acc: 0.7684
2026-05-08 00:44:53,866 - Epoch 5/10 [70.9s] - Train Loss: 0.8822, Acc: 0.7754, BG: 0.0002 | Val Loss: 0.8220, Acc: 0.7940
2026-05-08 00:46:07,600 - Epoch 6/10 [73.2s] - Train Loss: 0.7842, Acc: 0.7991, BG: 0.0003 | Val Loss: 0.7487, Acc: 0.8064
2026-05-08 00:47:21,207 - Epoch 7/10 [73.1s] - Train Loss: 0.7195, Acc: 0.8125, BG: 0.0003 | Val Loss: 0.6921, Acc: 0.8200
2026-05-08 00:48:34,517 - Epoch 8/10 [72.8s] - Train Loss: 0.6591, Acc: 0.8283, BG: 0.0003 | Val Loss: 0.6437, Acc: 0.8323
2026-05-08 00:49:47,691 - Epoch 9/10 [72.7s] - Train Loss: 0.6207, Acc: 0.8362, BG: 0.0004 | Val Loss: 0.6009, Acc: 0.8439
2026-05-08 00:51:01,359 - Epoch 10/10 [73.1s] - Train Loss: 0.5819, Acc: 0.8444, BG: 0.0003 | Val Loss: 0.5631, Acc: 0.8495
2026-05-08 00:51:31,135 - === Запуск эксперимента: Wasserstein_WGAN ===
2026-05-08 00:52:44,413 - Epoch 1/10 [73.3s] - Train Loss: 2.9329, Acc: 0.2592, BG: 0.0453 | Val Loss: 2.2008, Acc: 0.4358
2026-05-08 00:54:03,380 - Epoch 2/10 [78.4s] - Train Loss: 1.7472, Acc: 0.5735, BG: 0.0181 | Val Loss: 1.3901, Acc: 0.6606
2026-05-08 00:55:23,507 - Epoch 3/10 [79.6s] - Train Loss: 1.2143, Acc: 0.7030, BG: 0.0152 | Val Loss: 1.0701, Acc: 0.7346
2026-05-08 00:56:40,867 - Epoch 4/10 [76.7s] - Train Loss: 0.9801, Acc: 0.7535, BG: 0.0130 | Val Loss: 0.9078, Acc: 0.7688
2026-05-08 00:57:55,898 - Epoch 5/10 [74.5s] - Train Loss: 0.8466, Acc: 0.7822, BG: 0.0103 | Val Loss: 0.8161, Acc: 0.7877
2026-05-08 00:59:09,807 - Epoch 6/10 [73.3s] - Train Loss: 0.7693, Acc: 0.7981, BG: 0.0082 | Val Loss: 0.7371, Acc: 0.8080
2026-05-08 01:00:24,756 - Epoch 7/10 [74.4s] - Train Loss: 0.7090, Acc: 0.8120, BG: 0.0058 | Val Loss: 0.6628, Acc: 0.8208
2026-05-08 01:01:44,705 - Epoch 8/10 [79.4s] - Train Loss: 0.6616, Acc: 0.8239, BG: 0.0033 | Val Loss: 0.6410, Acc: 0.8305
2026-05-08 01:03:01,469 - Epoch 9/10 [76.2s] - Train Loss: 0.6136, Acc: 0.8359, BG: 0.0020 | Val Loss: 0.6029, Acc: 0.8334
2026-05-08 01:04:15,610 - Epoch 10/10 [73.6s] - Train Loss: 0.5806, Acc: 0.8437, BG: 0.0016 | Val Loss: 0.5642, Acc: 0.8487
2026-05-08 01:04:47,303 - === Запуск эксперимента: Hinge_Loss ===
2026-05-08 01:05:59,986 - Epoch 1/10 [72.7s] - Train Loss: 2.8847, Acc: 0.2659, BG: 0.1482 | Val Loss: 2.1108, Acc: 0.4630
2026-05-08 01:07:15,762 - Epoch 2/10 [75.3s] - Train Loss: 1.7234, Acc: 0.5706, BG: 0.0306 | Val Loss: 1.4373, Acc: 0.6440
2026-05-08 01:08:31,562 - Epoch 3/10 [75.2s] - Train Loss: nan, Acc: 0.4218, BG: nan | Val Loss: nan, Acc: 0.0154
2026-05-08 01:09:53,388 - Epoch 4/10 [81.3s] - Train Loss: nan, Acc: 0.0154, BG: nan | Val Loss: nan, Acc: 0.0141
2026-05-08 01:12:57,644 - Epoch 5/10 [183.4s] - Train Loss: nan, Acc: 0.0148, BG: nan | Val Loss: nan, Acc: 0.0166
2026-05-08 01:14:14,378 - Epoch 6/10 [75.6s] - Train Loss: nan, Acc: 0.0158, BG: nan | Val Loss: nan, Acc: 0.0150
2026-05-08 01:15:31,103 - Epoch 7/10 [76.2s] - Train Loss: nan, Acc: 0.0146, BG: nan | Val Loss: nan, Acc: 0.0143
2026-05-08 01:16:48,539 - Epoch 8/10 [76.9s] - Train Loss: nan, Acc: 0.0156, BG: nan | Val Loss: nan, Acc: 0.0156
2026-05-08 01:18:05,692 - Epoch 9/10 [76.6s] - Train Loss: nan, Acc: 0.0153, BG: nan | Val Loss: nan, Acc: 0.0147
2026-05-08 01:19:20,811 - Epoch 10/10 [74.5s] - Train Loss: nan, Acc: 0.0144, BG: nan | Val Loss: nan, Acc: 0.0152
